#-----------------------------------------------------------
# Vivado v2023.2 (64-bit)
# SW Build 4029153 on Fri Oct 13 20:13:54 MDT 2023
# IP Build 4028589 on Sat Oct 14 00:45:43 MDT 2023
# SharedData Build 4025554 on Tue Oct 10 17:18:54 MDT 2023
# Start of session at: Fri Jan 12 14:18:58 2024
# Process ID: 107104
# Current directory: /home/smaz-brn/project/ASIC-W-ICONS-FPGA/Cadence/w_icons/units/w_icons_top/fpga/vivado/project_1/project_1.runs/synth_1
# Command line: vivado -log w_icons_top.vds -product Vivado -mode batch -messageDb vivado.pb -notrace -source w_icons_top.tcl
# Log file: /home/smaz-brn/project/ASIC-W-ICONS-FPGA/Cadence/w_icons/units/w_icons_top/fpga/vivado/project_1/project_1.runs/synth_1/w_icons_top.vds
# Journal file: /home/smaz-brn/project/ASIC-W-ICONS-FPGA/Cadence/w_icons/units/w_icons_top/fpga/vivado/project_1/project_1.runs/synth_1/vivado.jou
# Running On: smaz-brn, OS: Linux, CPU Frequency: 2803.202 MHz, CPU Physical cores: 5, Host memory: 22133 MB
#-----------------------------------------------------------
source w_icons_top.tcl -notrace
